{
  "version": "1.5.0",
  "plugins_used": [
    {
      "name": "ArtifactoryDetector"
    },
    {
      "name": "AWSKeyDetector"
    },
    {
      "name": "AzureStorageKeyDetector"
    },
    {
      "name": "Base64HighEntropyString",
      "limit": 4.5
    },
    {
      "name": "BasicAuthDetector"
    },
    {
      "name": "CloudantDetector"
    },
    {
      "name": "DiscordBotTokenDetector"
    },
    {
      "name": "GitHubTokenDetector"
    },
    {
      "name": "GitLabTokenDetector"
    },
    {
      "name": "HexHighEntropyString",
      "limit": 3.0
    },
    {
      "name": "IbmCloudIamDetector"
    },
    {
      "name": "IbmCosHmacDetector"
    },
    {
      "name": "IPPublicDetector"
    },
    {
      "name": "JwtTokenDetector"
    },
    {
      "name": "KeywordDetector",
      "keyword_exclude": ""
    },
    {
      "name": "MailchimpDetector"
    },
    {
      "name": "NpmDetector"
    },
    {
      "name": "OpenAIDetector"
    },
    {
      "name": "PrivateKeyDetector"
    },
    {
      "name": "PypiTokenDetector"
    },
    {
      "name": "SendGridDetector"
    },
    {
      "name": "SlackDetector"
    },
    {
      "name": "SoftlayerDetector"
    },
    {
      "name": "SquareOAuthDetector"
    },
    {
      "name": "StripeDetector"
    },
    {
      "name": "TelegramBotTokenDetector"
    },
    {
      "name": "TwilioKeyDetector"
    }
  ],
  "filters_used": [
    {
      "path": "detect_secrets.filters.allowlist.is_line_allowlisted"
    },
    {
      "path": "detect_secrets.filters.common.is_baseline_file",
      "filename": "tatva_connect/tests/security/.secrets.baseline"
    },
    {
      "path": "detect_secrets.filters.common.is_ignored_due_to_verification_policies",
      "min_level": 2
    },
    {
      "path": "detect_secrets.filters.heuristic.is_indirect_reference"
    },
    {
      "path": "detect_secrets.filters.heuristic.is_likely_id_string"
    },
    {
      "path": "detect_secrets.filters.heuristic.is_lock_file"
    },
    {
      "path": "detect_secrets.filters.heuristic.is_not_alphanumeric_string"
    },
    {
      "path": "detect_secrets.filters.heuristic.is_potential_uuid"
    },
    {
      "path": "detect_secrets.filters.heuristic.is_prefixed_with_dollar_sign"
    },
    {
      "path": "detect_secrets.filters.heuristic.is_sequential_string"
    },
    {
      "path": "detect_secrets.filters.heuristic.is_swagger_file"
    },
    {
      "path": "detect_secrets.filters.heuristic.is_templated_secret"
    },
    {
      "path": "detect_secrets.filters.regex.should_exclude_file",
      "pattern": [
        "tatva_connect/tests/"
      ]
    }
  ],
  "results": {
    "api-docs/openapi-partner.json": [
      {
        "type": "Hex High Entropy String",
        "filename": "api-docs/openapi-partner.json",
        "hashed_secret": "3451f39c5b63435d3cbe4cc913f4d85334d2ae0e",
        "is_verified": false,
        "line_number": 105
      },
      {
        "type": "Hex High Entropy String",
        "filename": "api-docs/openapi-partner.json",
        "hashed_secret": "e2dd644fb555908d2de30c06028c0bdac1012237",
        "is_verified": false,
        "line_number": 817
      },
      {
        "type": "Hex High Entropy String",
        "filename": "api-docs/openapi-partner.json",
        "hashed_secret": "68d06bcf630cbec5afea0e52e29ab0e1d0162574",
        "is_verified": false,
        "line_number": 1991
      },
      {
        "type": "Hex High Entropy String",
        "filename": "api-docs/openapi-partner.json",
        "hashed_secret": "0c56fcd8bb994eddcca604fd116c229ced048908",
        "is_verified": false,
        "line_number": 2024
      },
      {
        "type": "Hex High Entropy String",
        "filename": "api-docs/openapi-partner.json",
        "hashed_secret": "338517fb7b10a2971f8be721341778f6f0fd891a",
        "is_verified": false,
        "line_number": 2779
      },
      {
        "type": "Hex High Entropy String",
        "filename": "api-docs/openapi-partner.json",
        "hashed_secret": "8765d1b6f17f2aba049b721467b8f76d4749e6db",
        "is_verified": false,
        "line_number": 4361
      }
    ],
    "api-docs/pages/async-bulk.mdx": [
      {
        "type": "Hex High Entropy String",
        "filename": "api-docs/pages/async-bulk.mdx",
        "hashed_secret": "3451f39c5b63435d3cbe4cc913f4d85334d2ae0e",
        "is_verified": false,
        "line_number": 119
      }
    ],
    "api-docs/pages/files.mdx": [
      {
        "type": "Hex High Entropy String",
        "filename": "api-docs/pages/files.mdx",
        "hashed_secret": "3451f39c5b63435d3cbe4cc913f4d85334d2ae0e",
        "is_verified": false,
        "line_number": 28
      },
      {
        "type": "Hex High Entropy String",
        "filename": "api-docs/pages/files.mdx",
        "hashed_secret": "4fbb1bd4b7dff4f578cb70eeb6ce56ef69bc910f",
        "is_verified": false,
        "line_number": 37
      }
    ],
    "api-docs/pages/partner-errors.mdx": [
      {
        "type": "Hex High Entropy String",
        "filename": "api-docs/pages/partner-errors.mdx",
        "hashed_secret": "0c56fcd8bb994eddcca604fd116c229ced048908",
        "is_verified": false,
        "line_number": 95
      }
    ],
    "api-docs/pages/partner-quickstart.mdx": [
      {
        "type": "Hex High Entropy String",
        "filename": "api-docs/pages/partner-quickstart.mdx",
        "hashed_secret": "3451f39c5b63435d3cbe4cc913f4d85334d2ae0e",
        "is_verified": false,
        "line_number": 65
      }
    ],
    "api-docs/pages/reading-values.mdx": [
      {
        "type": "Hex High Entropy String",
        "filename": "api-docs/pages/reading-values.mdx",
        "hashed_secret": "3451f39c5b63435d3cbe4cc913f4d85334d2ae0e",
        "is_verified": false,
        "line_number": 44
      }
    ],
    "api-docs/pages/responses.mdx": [
      {
        "type": "Hex High Entropy String",
        "filename": "api-docs/pages/responses.mdx",
        "hashed_secret": "3451f39c5b63435d3cbe4cc913f4d85334d2ae0e",
        "is_verified": false,
        "line_number": 16
      },
      {
        "type": "Hex High Entropy String",
        "filename": "api-docs/pages/responses.mdx",
        "hashed_secret": "0c56fcd8bb994eddcca604fd116c229ced048908",
        "is_verified": false,
        "line_number": 51
      }
    ],
    "api-docs/pages/writes-and-retries.mdx": [
      {
        "type": "Hex High Entropy String",
        "filename": "api-docs/pages/writes-and-retries.mdx",
        "hashed_secret": "3451f39c5b63435d3cbe4cc913f4d85334d2ae0e",
        "is_verified": false,
        "line_number": 28
      },
      {
        "type": "Hex High Entropy String",
        "filename": "api-docs/pages/writes-and-retries.mdx",
        "hashed_secret": "0c56fcd8bb994eddcca604fd116c229ced048908",
        "is_verified": false,
        "line_number": 51
      }
    ],
    "tatva_connect/smartview/tests/run_multigrain_setup.py": [
      {
        "type": "Secret Keyword",
        "filename": "tatva_connect/smartview/tests/run_multigrain_setup.py",
        "hashed_secret": "37f5d040d21fe4197446237453127a6eda5b5309",
        "is_verified": false,
        "line_number": 10
      }
    ],
    "tatva_connect/workflow_engine/tests/test_contact_cap.py": [
      {
        "type": "Secret Keyword",
        "filename": "tatva_connect/workflow_engine/tests/test_contact_cap.py",
        "hashed_secret": "31a8a3f51d14f8bf57ed578989de2a0cf24a8c56",
        "is_verified": false,
        "line_number": 250
      }
    ],
    "tatva_connect/workflow_engine/tests/test_voice_author_surfaces.py": [
      {
        "type": "Secret Keyword",
        "filename": "tatva_connect/workflow_engine/tests/test_voice_author_surfaces.py",
        "hashed_secret": "7b7cadc9bc23d98c043bd83262017cbbb1fa9f5e",
        "is_verified": false,
        "line_number": 40
      }
    ],
    "tatva_connect/workflow_engine/tests/test_voice_dial.py": [
      {
        "type": "Secret Keyword",
        "filename": "tatva_connect/workflow_engine/tests/test_voice_dial.py",
        "hashed_secret": "31a8a3f51d14f8bf57ed578989de2a0cf24a8c56",
        "is_verified": false,
        "line_number": 140
      }
    ]
  },
  "generated_at": "2026-08-25T13:16:18Z"
}
